
> travelai-deals@0.1.0 build
> vite build --sourcemap

[36mvite v5.0.0 [32mbuilding for production...[36m[39m
transforming...
node.exe : [baseline-
browser-mapping] The 
data in this module 
is over two months 
old.  To ensure 
accurate Baseline 
data, please update: 
`npm i baseline-brows
er-mapping@latest -D`
At C:\Program Files\n
odejs\npm.ps1:29 
char:3
+   & $NODE_EXE 
$NPM_CLI_JS $args
+   ~~~~~~~~~~~~~~~~~
~~~~~~~~~~~~
    + CategoryInfo   
           : NotSpe  
  cified: ([baseli   
 ne-brows...ping@    
latest -D`:Strin    
g) [], RemoteExc    
eption
    + FullyQualified 
   ErrorId : Native  
  CommandError
 
Error processing 
file src\components\u
i\Footer.jsx: 
SyntaxError: 
Unexpected keyword 
'const'. (3:2)
    at constructor (C
:\Users\iulia\travela
i_deals\node_modules\
@babel\parser\lib\ind
ex.js:367:19)
    at TypeScriptPars
erMixin.raise (C:\Use
rs\iulia\travelai_dea
ls\node_modules\@babe
l\parser\lib\index.js
:6624:19)
    at TypeScriptPars
erMixin.checkReserved
Word (C:\Users\iulia\
travelai_deals\node_m
odules\@babel\parser\
lib\index.js:12298:12
)
    at TypeScriptPars
erMixin.checkReserved
Word (C:\Users\iulia\
travelai_deals\node_m
odules\@babel\parser\
lib\index.js:9369:13)
    at TypeScriptPars
erMixin.parseImportSp
ecifier (C:\Users\iul
ia\travelai_deals\nod
e_modules\@babel\pars
er\lib\index.js:14494
:12)
    at TypeScriptPars
erMixin.parseImportSp
ecifier (C:\Users\iul
ia\travelai_deals\nod
e_modules\@babel\pars
er\lib\index.js:10205
:18)
    at TypeScriptPars
erMixin.parseNamedImp
ortSpecifiers (C:\Use
rs\iulia\travelai_dea
ls\node_modules\@babe
l\parser\lib\index.js
:14478:36)
    at TypeScriptPars
erMixin.parseImportSp
ecifiersAndAfter (C:\
Users\iulia\travelai_
deals\node_modules\@b
abel\parser\lib\index
.js:14318:37)
    at TypeScriptPars
erMixin.parseImport (
C:\Users\iulia\travel
ai_deals\node_modules
\@babel\parser\lib\in
dex.js:14311:17)
    at TypeScriptPars
erMixin.parseImport (
C:\Users\iulia\travel
ai_deals\node_modules
\@babel\parser\lib\in
dex.js:9412:26) {
  code: 'BABEL_PARSER
_SYNTAX_ERROR',
  reasonCode: 
'UnexpectedKeyword',
  loc: Position { 
line: 3, column: 2, 
index: 39 },
  pos: 39,
  syntaxPlugin: 
undefined
}
Error processing 
file src\components\u
i\Header.jsx: 
SyntaxError: 
Unexpected keyword 
'const'. (2:2)
    at constructor (C
:\Users\iulia\travela
i_deals\node_modules\
@babel\parser\lib\ind
ex.js:367:19)
    at TypeScriptPars
erMixin.raise (C:\Use
rs\iulia\travelai_dea
ls\node_modules\@babe
l\parser\lib\index.js
:6624:19)
    at TypeScriptPars
erMixin.checkReserved
Word (C:\Users\iulia\
travelai_deals\node_m
odules\@babel\parser\
lib\index.js:12298:12
)
    at TypeScriptPars
erMixin.checkReserved
Word (C:\Users\iulia\
travelai_deals\node_m
odules\@babel\parser\
lib\index.js:9369:13)
    at TypeScriptPars
erMixin.parseImportSp
ecifier (C:\Users\iul
ia\travelai_deals\nod
e_modules\@babel\pars
er\lib\index.js:14494
:12)
    at TypeScriptPars
erMixin.parseImportSp
ecifier (C:\Users\iul
ia\travelai_deals\nod
e_modules\@babel\pars
er\lib\index.js:10205
:18)
    at TypeScriptPars
erMixin.parseNamedImp
ortSpecifiers (C:\Use
rs\iulia\travelai_dea
ls\node_modules\@babe
l\parser\lib\index.js
:14478:36)
    at TypeScriptPars
erMixin.parseImportSp
ecifiersAndAfter (C:\
Users\iulia\travelai_
deals\node_modules\@b
abel\parser\lib\index
.js:14318:37)
    at TypeScriptPars
erMixin.parseImport (
C:\Users\iulia\travel
ai_deals\node_modules
\@babel\parser\lib\in
dex.js:14311:17)
    at TypeScriptPars
erMixin.parseImport (
C:\Users\iulia\travel
ai_deals\node_modules
\@babel\parser\lib\in
dex.js:9412:26) {
  code: 'BABEL_PARSER
_SYNTAX_ERROR',
  reasonCode: 
'UnexpectedKeyword',
  loc: Position { 
line: 2, column: 2, 
index: 18 },
  pos: 18,
  syntaxPlugin: 
undefined
}
Error processing 
file src\pages\home-p
age\index.jsx: 
SyntaxError: 
Unexpected keyword 
'const'. (2:2)
    at constructor (C
:\Users\iulia\travela
i_deals\node_modules\
@babel\parser\lib\ind
ex.js:367:19)
    at TypeScriptPars
erMixin.raise (C:\Use
rs\iulia\travelai_dea
ls\node_modules\@babe
l\parser\lib\index.js
:6624:19)
    at TypeScriptPars
erMixin.checkReserved
Word (C:\Users\iulia\
travelai_deals\node_m
odules\@babel\parser\
lib\index.js:12298:12
)
    at TypeScriptPars
erMixin.checkReserved
Word (C:\Users\iulia\
travelai_deals\node_m
odules\@babel\parser\
lib\index.js:9369:13)
    at TypeScriptPars
erMixin.parseImportSp
ecifier (C:\Users\iul
ia\travelai_deals\nod
e_modules\@babel\pars
er\lib\index.js:14494
:12)
    at TypeScriptPars
erMixin.parseImportSp
ecifier (C:\Users\iul
ia\travelai_deals\nod
e_modules\@babel\pars
er\lib\index.js:10205
:18)
    at TypeScriptPars
erMixin.parseNamedImp
ortSpecifiers (C:\Use
rs\iulia\travelai_dea
ls\node_modules\@babe
l\parser\lib\index.js
:14478:36)
    at TypeScriptPars
erMixin.parseImportSp
ecifiersAndAfter (C:\
Users\iulia\travelai_
deals\node_modules\@b
abel\parser\lib\index
.js:14318:37)
    at TypeScriptPars
erMixin.parseImport (
C:\Users\iulia\travel
ai_deals\node_modules
\@babel\parser\lib\in
dex.js:14311:17)
    at TypeScriptPars
erMixin.parseImport (
C:\Users\iulia\travel
ai_deals\node_modules
\@babel\parser\lib\in
dex.js:9412:26) {
  code: 'BABEL_PARSER
_SYNTAX_ERROR',
  reasonCode: 
'UnexpectedKeyword',
  loc: Position { 
line: 2, column: 2, 
index: 18 },
  pos: 18,
  syntaxPlugin: 
undefined
}
Error processing 
file src\pages\login\
index.jsx: 
SyntaxError: 
Identifier 
'useTranslation' has 
already been 
declared. (8:9)
    at constructor (C
:\Users\iulia\travela
i_deals\node_modules\
@babel\parser\lib\ind
ex.js:367:19)
    at TypeScriptPars
erMixin.raise (C:\Use
rs\iulia\travelai_dea
ls\node_modules\@babe
l\parser\lib\index.js
:6624:19)
    at TypeScriptScop
eHandler.declareName 
(C:\Users\iulia\trave
lai_deals\node_module
s\@babel\parser\lib\i
ndex.js:4895:21)
    at TypeScriptPars
erMixin.declareNameFr
omIdentifier (C:\User
s\iulia\travelai_deal
s\node_modules\@babel
\parser\lib\index.js:
7594:16)
    at TypeScriptPars
erMixin.checkIdentifi
er (C:\Users\iulia\tr
avelai_deals\node_mod
ules\@babel\parser\li
b\index.js:7590:12)
    at TypeScriptPars
erMixin.checkLVal (C:
\Users\iulia\travelai
_deals\node_modules\@
babel\parser\lib\inde
x.js:7527:12)
    at TypeScriptPars
erMixin.finishImportS
pecifier (C:\Users\iu
lia\travelai_deals\no
de_modules\@babel\par
ser\lib\index.js:1434
2:10)
    at TypeScriptPars
erMixin.parseImportSp
ecifier (C:\Users\iul
ia\travelai_deals\nod
e_modules\@babel\pars
er\lib\index.js:14499
:17)
    at TypeScriptPars
erMixin.parseImportSp
ecifier (C:\Users\iul
ia\travelai_deals\nod
e_modules\@babel\pars
er\lib\index.js:10205
:18)
    at TypeScriptPars
erMixin.parseNamedImp
ortSpecifiers (C:\Use
rs\iulia\travelai_dea
ls\node_modules\@babe
l\parser\lib\index.js
:14478:36) {
  code: 'BABEL_PARSER
_SYNTAX_ERROR',
  reasonCode: 
'VarRedeclaration',
  loc: Position { 
line: 8, column: 9, 
index: 381 },
  pos: 381,
  syntaxPlugin: 
undefined
}
Error processing 
file src\pages\user-p
rofile\index.jsx: 
SyntaxError: 
Unexpected keyword 
'const'. (2:2)
    at constructor (C
:\Users\iulia\travela
i_deals\node_modules\
@babel\parser\lib\ind
ex.js:367:19)
    at TypeScriptPars
erMixin.raise (C:\Use
rs\iulia\travelai_dea
ls\node_modules\@babe
l\parser\lib\index.js
:6624:19)
    at TypeScriptPars
erMixin.checkReserved
Word (C:\Users\iulia\
travelai_deals\node_m
odules\@babel\parser\
lib\index.js:12298:12
)
    at TypeScriptPars
erMixin.checkReserved
Word (C:\Users\iulia\
travelai_deals\node_m
odules\@babel\parser\
lib\index.js:9369:13)
    at TypeScriptPars
erMixin.parseImportSp
ecifier (C:\Users\iul
ia\travelai_deals\nod
e_modules\@babel\pars
er\lib\index.js:14494
:12)
    at TypeScriptPars
erMixin.parseImportSp
ecifier (C:\Users\iul
ia\travelai_deals\nod
e_modules\@babel\pars
er\lib\index.js:10205
:18)
    at TypeScriptPars
erMixin.parseNamedImp
ortSpecifiers (C:\Use
rs\iulia\travelai_dea
ls\node_modules\@babe
l\parser\lib\index.js
:14478:36)
    at TypeScriptPars
erMixin.parseImportSp
ecifiersAndAfter (C:\
Users\iulia\travelai_
deals\node_modules\@b
abel\parser\lib\index
.js:14318:37)
    at TypeScriptPars
erMixin.parseImport (
C:\Users\iulia\travel
ai_deals\node_modules
\@babel\parser\lib\in
dex.js:14311:17)
    at TypeScriptPars
erMixin.parseImport (
C:\Users\iulia\travel
ai_deals\node_modules
\@babel\parser\lib\in
dex.js:9412:26) {
  code: 'BABEL_PARSER
_SYNTAX_ERROR',
  reasonCode: 
'UnexpectedKeyword',
  loc: Position { 
line: 2, column: 2, 
index: 18 },
  pos: 18,
  syntaxPlugin: 
undefined
}
Error processing 
file src\pages\legal\
TermsPage.jsx: 
SyntaxError: 
Unexpected keyword 
'const'. (2:2)
    at constructor (C
:\Users\iulia\travela
i_deals\node_modules\
@babel\parser\lib\ind
ex.js:367:19)
    at TypeScriptPars
erMixin.raise (C:\Use
rs\iulia\travelai_dea
ls\node_modules\@babe
l\parser\lib\index.js
:6624:19)
    at TypeScriptPars
erMixin.checkReserved
Word (C:\Users\iulia\
travelai_deals\node_m
odules\@babel\parser\
lib\index.js:12298:12
)
    at TypeScriptPars
erMixin.checkReserved
Word (C:\Users\iulia\
travelai_deals\node_m
odules\@babel\parser\
lib\index.js:9369:13)
    at TypeScriptPars
erMixin.parseImportSp
ecifier (C:\Users\iul
ia\travelai_deals\nod
e_modules\@babel\pars
er\lib\index.js:14494
:12)
    at TypeScriptPars
erMixin.parseImportSp
ecifier (C:\Users\iul
ia\travelai_deals\nod
e_modules\@babel\pars
er\lib\index.js:10205
:18)
    at TypeScriptPars
erMixin.parseNamedImp
ortSpecifiers (C:\Use
rs\iulia\travelai_dea
ls\node_modules\@babe
l\parser\lib\index.js
:14478:36)
    at TypeScriptPars
erMixin.parseImportSp
ecifiersAndAfter (C:\
Users\iulia\travelai_
deals\node_modules\@b
abel\parser\lib\index
.js:14318:37)
    at TypeScriptPars
erMixin.parseImport (
C:\Users\iulia\travel
ai_deals\node_modules
\@babel\parser\lib\in
dex.js:14311:17)
    at TypeScriptPars
erMixin.parseImport (
C:\Users\iulia\travel
ai_deals\node_modules
\@babel\parser\lib\in
dex.js:9412:26) {
  code: 'BABEL_PARSER
_SYNTAX_ERROR',
  reasonCode: 
'UnexpectedKeyword',
  loc: Position { 
line: 2, column: 2, 
index: 11 },
  pos: 11,
  syntaxPlugin: 
undefined
}
Error processing 
file src\pages\admin-
dashboard\index.jsx: 
SyntaxError: 
Unexpected keyword 
'const'. (2:2)
    at constructor (C
:\Users\iulia\travela
i_deals\node_modules\
@babel\parser\lib\ind
ex.js:367:19)
    at TypeScriptPars
erMixin.raise (C:\Use
rs\iulia\travelai_dea
ls\node_modules\@babe
l\parser\lib\index.js
:6624:19)
    at TypeScriptPars
erMixin.checkReserved
Word (C:\Users\iulia\
travelai_deals\node_m
odules\@babel\parser\
lib\index.js:12298:12
)
    at TypeScriptPars
erMixin.checkReserved
Word (C:\Users\iulia\
travelai_deals\node_m
odules\@babel\parser\
lib\index.js:9369:13)
    at TypeScriptPars
erMixin.parseImportSp
ecifier (C:\Users\iul
ia\travelai_deals\nod
e_modules\@babel\pars
er\lib\index.js:14494
:12)
    at TypeScriptPars
erMixin.parseImportSp
ecifier (C:\Users\iul
ia\travelai_deals\nod
e_modules\@babel\pars
er\lib\index.js:10205
:18)
    at TypeScriptPars
erMixin.parseNamedImp
ortSpecifiers (C:\Use
rs\iulia\travelai_dea
ls\node_modules\@babe
l\parser\lib\index.js
:14478:36)
    at TypeScriptPars
erMixin.parseImportSp
ecifiersAndAfter (C:\
Users\iulia\travelai_
deals\node_modules\@b
abel\parser\lib\index
.js:14318:37)
    at TypeScriptPars
erMixin.parseImport (
C:\Users\iulia\travel
ai_deals\node_modules
\@babel\parser\lib\in
dex.js:14311:17)
    at TypeScriptPars
erMixin.parseImport (
C:\Users\iulia\travel
ai_deals\node_modules
\@babel\parser\lib\in
dex.js:9412:26) {
  code: 'BABEL_PARSER
_SYNTAX_ERROR',
  reasonCode: 
'UnexpectedKeyword',
  loc: Position { 
line: 2, column: 2, 
index: 18 },
  pos: 18,
  syntaxPlugin: 
undefined
}
Error processing 
file src\pages\ai-cha
t-interface\index.jsx
: SyntaxError: 
Unexpected keyword 
'const'. (2:2)
    at constructor (C
:\Users\iulia\travela
i_deals\node_modules\
@babel\parser\lib\ind
ex.js:367:19)
    at TypeScriptPars
erMixin.raise (C:\Use
rs\iulia\travelai_dea
ls\node_modules\@babe
l\parser\lib\index.js
:6624:19)
    at TypeScriptPars
erMixin.checkReserved
Word (C:\Users\iulia\
travelai_deals\node_m
odules\@babel\parser\
lib\index.js:12298:12
)
    at TypeScriptPars
erMixin.checkReserved
Word (C:\Users\iulia\
travelai_deals\node_m
odules\@babel\parser\
lib\index.js:9369:13)
    at TypeScriptPars
erMixin.parseImportSp
ecifier (C:\Users\iul
ia\travelai_deals\nod
e_modules\@babel\pars
er\lib\index.js:14494
:12)
    at TypeScriptPars
erMixin.parseImportSp
ecifier (C:\Users\iul
ia\travelai_deals\nod
e_modules\@babel\pars
er\lib\index.js:10205
:18)
    at TypeScriptPars
erMixin.parseNamedImp
ortSpecifiers (C:\Use
rs\iulia\travelai_dea
ls\node_modules\@babe
l\parser\lib\index.js
:14478:36)
    at TypeScriptPars
erMixin.parseImportSp
ecifiersAndAfter (C:\
Users\iulia\travelai_
deals\node_modules\@b
abel\parser\lib\index
.js:14318:37)
    at TypeScriptPars
erMixin.parseImport (
C:\Users\iulia\travel
ai_deals\node_modules
\@babel\parser\lib\in
dex.js:14311:17)
    at TypeScriptPars
erMixin.parseImport (
C:\Users\iulia\travel
ai_deals\node_modules
\@babel\parser\lib\in
dex.js:9412:26) {
  code: 'BABEL_PARSER
_SYNTAX_ERROR',
  reasonCode: 
'UnexpectedKeyword',
  loc: Position { 
line: 2, column: 2, 
index: 11 },
  pos: 11,
  syntaxPlugin: 
undefined
}
Error processing 
file src\pages\legal\
privacy-policy.jsx: 
SyntaxError: 
Unexpected keyword 
'const'. (2:2)
    at constructor (C
:\Users\iulia\travela
i_deals\node_modules\
@babel\parser\lib\ind
ex.js:367:19)
    at TypeScriptPars
erMixin.raise (C:\Use
rs\iulia\travelai_dea
ls\node_modules\@babe
l\parser\lib\index.js
:6624:19)
    at TypeScriptPars
erMixin.checkReserved
Word (C:\Users\iulia\
travelai_deals\node_m
odules\@babel\parser\
lib\index.js:12298:12
)
    at TypeScriptPars
erMixin.checkReserved
Word (C:\Users\iulia\
travelai_deals\node_m
odules\@babel\parser\
lib\index.js:9369:13)
    at TypeScriptPars
erMixin.parseImportSp
ecifier (C:\Users\iul
ia\travelai_deals\nod
e_modules\@babel\pars
er\lib\index.js:14494
:12)
    at TypeScriptPars
erMixin.parseImportSp
ecifier (C:\Users\iul
ia\travelai_deals\nod
e_modules\@babel\pars
er\lib\index.js:10205
:18)
    at TypeScriptPars
erMixin.parseNamedImp
ortSpecifiers (C:\Use
rs\iulia\travelai_dea
ls\node_modules\@babe
l\parser\lib\index.js
:14478:36)
    at TypeScriptPars
erMixin.parseImportSp
ecifiersAndAfter (C:\
Users\iulia\travelai_
deals\node_modules\@b
abel\parser\lib\index
.js:14318:37)
    at TypeScriptPars
erMixin.parseImport (
C:\Users\iulia\travel
ai_deals\node_modules
\@babel\parser\lib\in
dex.js:14311:17)
    at TypeScriptPars
erMixin.parseImport (
C:\Users\iulia\travel
ai_deals\node_modules
\@babel\parser\lib\in
dex.js:9412:26) {
  code: 'BABEL_PARSER
_SYNTAX_ERROR',
  reasonCode: 
'UnexpectedKeyword',
  loc: Position { 
line: 2, column: 2, 
index: 11 },
  pos: 11,
  syntaxPlugin: 
undefined
}
Error processing 
file src\pages\legal\
CookiePolicy.jsx: 
SyntaxError: 
Unexpected keyword 
'const'. (2:2)
    at constructor (C
:\Users\iulia\travela
i_deals\node_modules\
@babel\parser\lib\ind
ex.js:367:19)
    at TypeScriptPars
erMixin.raise (C:\Use
rs\iulia\travelai_dea
ls\node_modules\@babe
l\parser\lib\index.js
:6624:19)
    at TypeScriptPars
erMixin.checkReserved
Word (C:\Users\iulia\
travelai_deals\node_m
odules\@babel\parser\
lib\index.js:12298:12
)
    at TypeScriptPars
erMixin.checkReserved
Word (C:\Users\iulia\
travelai_deals\node_m
odules\@babel\parser\
lib\index.js:9369:13)
    at TypeScriptPars
erMixin.parseImportSp
ecifier (C:\Users\iul
ia\travelai_deals\nod
e_modules\@babel\pars
er\lib\index.js:14494
:12)
    at TypeScriptPars
erMixin.parseImportSp
ecifier (C:\Users\iul
ia\travelai_deals\nod
e_modules\@babel\pars
er\lib\index.js:10205
:18)
    at TypeScriptPars
erMixin.parseNamedImp
ortSpecifiers (C:\Use
rs\iulia\travelai_dea
ls\node_modules\@babe
l\parser\lib\index.js
:14478:36)
    at TypeScriptPars
erMixin.parseImportSp
ecifiersAndAfter (C:\
Users\iulia\travelai_
deals\node_modules\@b
abel\parser\lib\index
.js:14318:37)
    at TypeScriptPars
erMixin.parseImport (
C:\Users\iulia\travel
ai_deals\node_modules
\@babel\parser\lib\in
dex.js:14311:17)
    at TypeScriptPars
erMixin.parseImport (
C:\Users\iulia\travel
ai_deals\node_modules
\@babel\parser\lib\in
dex.js:9412:26) {
  code: 'BABEL_PARSER
_SYNTAX_ERROR',
  reasonCode: 
'UnexpectedKeyword',
  loc: Position { 
line: 2, column: 2, 
index: 11 },
  pos: 11,
  syntaxPlugin: 
undefined
}
Error processing 
file src\pages\my-off
ers-dashboard\index.j
sx: SyntaxError: 
Unexpected keyword 
'const'. (2:2)
    at constructor (C
:\Users\iulia\travela
i_deals\node_modules\
@babel\parser\lib\ind
ex.js:367:19)
    at TypeScriptPars
erMixin.raise (C:\Use
rs\iulia\travelai_dea
ls\node_modules\@babe
l\parser\lib\index.js
:6624:19)
    at TypeScriptPars
erMixin.checkReserved
Word (C:\Users\iulia\
travelai_deals\node_m
odules\@babel\parser\
lib\index.js:12298:12
)
    at TypeScriptPars
erMixin.checkReserved
Word (C:\Users\iulia\
travelai_deals\node_m
odules\@babel\parser\
lib\index.js:9369:13)
    at TypeScriptPars
erMixin.parseImportSp
ecifier (C:\Users\iul
ia\travelai_deals\nod
e_modules\@babel\pars
er\lib\index.js:14494
:12)
    at TypeScriptPars
erMixin.parseImportSp
ecifier (C:\Users\iul
ia\travelai_deals\nod
e_modules\@babel\pars
er\lib\index.js:10205
:18)
    at TypeScriptPars
erMixin.parseNamedImp
ortSpecifiers (C:\Use
rs\iulia\travelai_dea
ls\node_modules\@babe
l\parser\lib\index.js
:14478:36)
    at TypeScriptPars
erMixin.parseImportSp
ecifiersAndAfter (C:\
Users\iulia\travelai_
deals\node_modules\@b
abel\parser\lib\index
.js:14318:37)
    at TypeScriptPars
erMixin.parseImport (
C:\Users\iulia\travel
ai_deals\node_modules
\@babel\parser\lib\in
dex.js:14311:17)
    at TypeScriptPars
erMixin.parseImport (
C:\Users\iulia\travel
ai_deals\node_modules
\@babel\parser\lib\in
dex.js:9412:26) {
  code: 'BABEL_PARSER
_SYNTAX_ERROR',
  reasonCode: 
'UnexpectedKeyword',
  loc: Position { 
line: 2, column: 2, 
index: 18 },
  pos: 18,
  syntaxPlugin: 
undefined
}
Error processing 
file src\pages\user-p
rofile\components\res
et-password.jsx: 
SyntaxError: 
Unexpected keyword 
'const'. (2:2)
    at constructor (C
:\Users\iulia\travela
i_deals\node_modules\
@babel\parser\lib\ind
ex.js:367:19)
    at TypeScriptPars
erMixin.raise (C:\Use
rs\iulia\travelai_dea
ls\node_modules\@babe
l\parser\lib\index.js
:6624:19)
    at TypeScriptPars
erMixin.checkReserved
Word (C:\Users\iulia\
travelai_deals\node_m
odules\@babel\parser\
lib\index.js:12298:12
)
    at TypeScriptPars
erMixin.checkReserved
Word (C:\Users\iulia\
travelai_deals\node_m
odules\@babel\parser\
lib\index.js:9369:13)
    at TypeScriptPars
erMixin.parseImportSp
ecifier (C:\Users\iul
ia\travelai_deals\nod
e_modules\@babel\pars
er\lib\index.js:14494
:12)
    at TypeScriptPars
erMixin.parseImportSp
ecifier (C:\Users\iul
ia\travelai_deals\nod
e_modules\@babel\pars
er\lib\index.js:10205
:18)
    at TypeScriptPars
erMixin.parseNamedImp
ortSpecifiers (C:\Use
rs\iulia\travelai_dea
ls\node_modules\@babe
l\parser\lib\index.js
:14478:36)
    at TypeScriptPars
erMixin.parseImportSp
ecifiersAndAfter (C:\
Users\iulia\travelai_
deals\node_modules\@b
abel\parser\lib\index
.js:14318:37)
    at TypeScriptPars
erMixin.parseImport (
C:\Users\iulia\travel
ai_deals\node_modules
\@babel\parser\lib\in
dex.js:14311:17)
    at TypeScriptPars
erMixin.parseImport (
C:\Users\iulia\travel
ai_deals\node_modules
\@babel\parser\lib\in
dex.js:9412:26) {
  code: 'BABEL_PARSER
_SYNTAX_ERROR',
  reasonCode: 
'UnexpectedKeyword',
  loc: Position { 
line: 2, column: 2, 
index: 18 },
  pos: 18,
  syntaxPlugin: 
undefined
}
Error processing 
file src\pages\regist
er\index.jsx: 
SyntaxError: 
Unexpected keyword 
'const'. (2:2)
    at constructor (C
:\Users\iulia\travela
i_deals\node_modules\
@babel\parser\lib\ind
ex.js:367:19)
    at TypeScriptPars
erMixin.raise (C:\Use
rs\iulia\travelai_dea
ls\node_modules\@babe
l\parser\lib\index.js
:6624:19)
    at TypeScriptPars
erMixin.checkReserved
Word (C:\Users\iulia\
travelai_deals\node_m
odules\@babel\parser\
lib\index.js:12298:12
)
    at TypeScriptPars
erMixin.checkReserved
Word (C:\Users\iulia\
travelai_deals\node_m
odules\@babel\parser\
lib\index.js:9369:13)
    at TypeScriptPars
erMixin.parseImportSp
ecifier (C:\Users\iul
ia\travelai_deals\nod
e_modules\@babel\pars
er\lib\index.js:14494
:12)
    at TypeScriptPars
erMixin.parseImportSp
ecifier (C:\Users\iul
ia\travelai_deals\nod
e_modules\@babel\pars
er\lib\index.js:10205
:18)
    at TypeScriptPars
erMixin.parseNamedImp
ortSpecifiers (C:\Use
rs\iulia\travelai_dea
ls\node_modules\@babe
l\parser\lib\index.js
:14478:36)
    at TypeScriptPars
erMixin.parseImportSp
ecifiersAndAfter (C:\
Users\iulia\travelai_
deals\node_modules\@b
abel\parser\lib\index
.js:14318:37)
    at TypeScriptPars
erMixin.parseImport (
C:\Users\iulia\travel
ai_deals\node_modules
\@babel\parser\lib\in
dex.js:14311:17)
    at TypeScriptPars
erMixin.parseImport (
C:\Users\iulia\travel
ai_deals\node_modules
\@babel\parser\lib\in
dex.js:9412:26) {
  code: 'BABEL_PARSER
_SYNTAX_ERROR',
  reasonCode: 
'UnexpectedKeyword',
  loc: Position { 
line: 2, column: 2, 
index: 18 },
  pos: 18,
  syntaxPlugin: 
undefined
}
Error processing 
file src\pages\hotels
\Hotels.jsx: 
SyntaxError: 
Unexpected keyword 
'const'. (3:2)
    at constructor (C
:\Users\iulia\travela
i_deals\node_modules\
@babel\parser\lib\ind
ex.js:367:19)
    at TypeScriptPars
erMixin.raise (C:\Use
rs\iulia\travelai_dea
ls\node_modules\@babe
l\parser\lib\index.js
:6624:19)
    at TypeScriptPars
erMixin.checkReserved
Word (C:\Users\iulia\
travelai_deals\node_m
odules\@babel\parser\
lib\index.js:12298:12
)
    at TypeScriptPars
erMixin.checkReserved
Word (C:\Users\iulia\
travelai_deals\node_m
odules\@babel\parser\
lib\index.js:9369:13)
    at TypeScriptPars
erMixin.parseImportSp
ecifier (C:\Users\iul
ia\travelai_deals\nod
e_modules\@babel\pars
er\lib\index.js:14494
:12)
    at TypeScriptPars
erMixin.parseImportSp
ecifier (C:\Users\iul
ia\travelai_deals\nod
e_modules\@babel\pars
er\lib\index.js:10205
:18)
    at TypeScriptPars
erMixin.parseNamedImp
ortSpecifiers (C:\Use
rs\iulia\travelai_dea
ls\node_modules\@babe
l\parser\lib\index.js
:14478:36)
    at TypeScriptPars
erMixin.parseImportSp
ecifiersAndAfter (C:\
Users\iulia\travelai_
deals\node_modules\@b
abel\parser\lib\index
.js:14318:37)
    at TypeScriptPars
erMixin.parseImport (
C:\Users\iulia\travel
ai_deals\node_modules
\@babel\parser\lib\in
dex.js:14311:17)
    at TypeScriptPars
erMixin.parseImport (
C:\Users\iulia\travel
ai_deals\node_modules
\@babel\parser\lib\in
dex.js:9412:26) {
  code: 'BABEL_PARSER
_SYNTAX_ERROR',
  reasonCode: 
'UnexpectedKeyword',
  loc: Position { 
line: 3, column: 2, 
index: 39 },
  pos: 39,
  syntaxPlugin: 
undefined
}
Error processing 
file src\pages\legal\
AfiliereDisclosure.js
x: SyntaxError: 
Unexpected keyword 
'const'. (6:2)
    at constructor (C
:\Users\iulia\travela
i_deals\node_modules\
@babel\parser\lib\ind
ex.js:367:19)
    at TypeScriptPars
erMixin.raise (C:\Use
rs\iulia\travelai_dea
ls\node_modules\@babe
l\parser\lib\index.js
:6624:19)
    at TypeScriptPars
erMixin.checkReserved
Word (C:\Users\iulia\
travelai_deals\node_m
odules\@babel\parser\
lib\index.js:12298:12
)
    at TypeScriptPars
erMixin.checkReserved
Word (C:\Users\iulia\
travelai_deals\node_m
odules\@babel\parser\
lib\index.js:9369:13)
    at TypeScriptPars
erMixin.parseImportSp
ecifier (C:\Users\iul
ia\travelai_deals\nod
e_modules\@babel\pars
er\lib\index.js:14494
:12)
    at TypeScriptPars
erMixin.parseImportSp
ecifier (C:\Users\iul
ia\travelai_deals\nod
e_modules\@babel\pars
er\lib\index.js:10205
:18)
    at TypeScriptPars
erMixin.parseNamedImp
ortSpecifiers (C:\Use
rs\iulia\travelai_dea
ls\node_modules\@babe
l\parser\lib\index.js
:14478:36)
    at TypeScriptPars
erMixin.parseImportSp
ecifiersAndAfter (C:\
Users\iulia\travelai_
deals\node_modules\@b
abel\parser\lib\index
.js:14318:37)
    at TypeScriptPars
erMixin.parseImport (
C:\Users\iulia\travel
ai_deals\node_modules
\@babel\parser\lib\in
dex.js:14311:17)
    at TypeScriptPars
erMixin.parseImport (
C:\Users\iulia\travel
ai_deals\node_modules
\@babel\parser\lib\in
dex.js:9412:26) {
  code: 'BABEL_PARSER
_SYNTAX_ERROR',
  reasonCode: 
'UnexpectedKeyword',
  loc: Position { 
line: 6, column: 2, 
index: 185 },
  pos: 185,
  syntaxPlugin: 
undefined
}
Error processing 
file src\components\E
rrorBoundary.jsx: 
SyntaxError: 
Unexpected keyword 
'const'. (4:2)
    at constructor (C
:\Users\iulia\travela
i_deals\node_modules\
@babel\parser\lib\ind
ex.js:367:19)
    at TypeScriptPars
erMixin.raise (C:\Use
rs\iulia\travelai_dea
ls\node_modules\@babe
l\parser\lib\index.js
:6624:19)
    at TypeScriptPars
erMixin.checkReserved
Word (C:\Users\iulia\
travelai_deals\node_m
odules\@babel\parser\
lib\index.js:12298:12
)
    at TypeScriptPars
erMixin.checkReserved
Word (C:\Users\iulia\
travelai_deals\node_m
odules\@babel\parser\
lib\index.js:9369:13)
    at TypeScriptPars
erMixin.parseImportSp
ecifier (C:\Users\iul
ia\travelai_deals\nod
e_modules\@babel\pars
er\lib\index.js:14494
:12)
    at TypeScriptPars
erMixin.parseImportSp
ecifier (C:\Users\iul
ia\travelai_deals\nod
e_modules\@babel\pars
er\lib\index.js:10205
:18)
    at TypeScriptPars
erMixin.parseNamedImp
ortSpecifiers (C:\Use
rs\iulia\travelai_dea
ls\node_modules\@babe
l\parser\lib\index.js
:14478:36)
    at TypeScriptPars
erMixin.parseImportSp
ecifiersAndAfter (C:\
Users\iulia\travelai_
deals\node_modules\@b
abel\parser\lib\index
.js:14318:37)
    at TypeScriptPars
erMixin.parseImport (
C:\Users\iulia\travel
ai_deals\node_modules
\@babel\parser\lib\in
dex.js:14311:17)
    at TypeScriptPars
erMixin.parseImport (
C:\Users\iulia\travel
ai_deals\node_modules
\@babel\parser\lib\in
dex.js:9412:26) {
  code: 'BABEL_PARSER
_SYNTAX_ERROR',
  reasonCode: 
'UnexpectedKeyword',
  loc: Position { 
line: 4, column: 2, 
index: 68 },
  pos: 68,
  syntaxPlugin: 
undefined
}
Error processing 
file src\pages\NotFou
nd.jsx: SyntaxError: 
Unexpected keyword 
'const'. (3:2)
    at constructor (C
:\Users\iulia\travela
i_deals\node_modules\
@babel\parser\lib\ind
ex.js:367:19)
    at TypeScriptPars
erMixin.raise (C:\Use
rs\iulia\travelai_dea
ls\node_modules\@babe
l\parser\lib\index.js
:6624:19)
    at TypeScriptPars
erMixin.checkReserved
Word (C:\Users\iulia\
travelai_deals\node_m
odules\@babel\parser\
lib\index.js:12298:12
)
    at TypeScriptPars
erMixin.checkReserved
Word (C:\Users\iulia\
travelai_deals\node_m
odules\@babel\parser\
lib\index.js:9369:13)
    at TypeScriptPars
erMixin.parseImportSp
ecifier (C:\Users\iul
ia\travelai_deals\nod
e_modules\@babel\pars
er\lib\index.js:14494
:12)
    at TypeScriptPars
erMixin.parseImportSp
ecifier (C:\Users\iul
ia\travelai_deals\nod
e_modules\@babel\pars
er\lib\index.js:10205
:18)
    at TypeScriptPars
erMixin.parseNamedImp
ortSpecifiers (C:\Use
rs\iulia\travelai_dea
ls\node_modules\@babe
l\parser\lib\index.js
:14478:36)
    at TypeScriptPars
erMixin.parseImportSp
ecifiersAndAfter (C:\
Users\iulia\travelai_
deals\node_modules\@b
abel\parser\lib\index
.js:14318:37)
    at TypeScriptPars
erMixin.parseImport (
C:\Users\iulia\travel
ai_deals\node_modules
\@babel\parser\lib\in
dex.js:14311:17)
    at TypeScriptPars
erMixin.parseImport (
C:\Users\iulia\travel
ai_deals\node_modules
\@babel\parser\lib\in
dex.js:9412:26) {
  code: 'BABEL_PARSER
_SYNTAX_ERROR',
  reasonCode: 
'UnexpectedKeyword',
  loc: Position { 
line: 3, column: 2, 
index: 38 },
  pos: 38,
  syntaxPlugin: 
undefined
}
[32mΓ£ô[39m 24 modules transformed.
[31m[vite:esbuild] 
Transform failed 
with 1 error:
C:/Users/iulia/travel
ai_deals/src/componen
ts/ui/Footer.jsx:3:8:
 ERROR: Expected 
"as" but found 
"{"[39m
file: [36mC:/Users/i
ulia/travelai_deals/s
rc/components/ui/Foot
er.jsx:3:8[39m
[33m
[33mExpected "as" 
but found "{"[33m
1  |  import React 
from "react";
2  |  import {
3  |    const { t } 
= useTranslation(); 
Link } from 
"react-router-dom";
   |          ^
4  |  import { 
useTranslation } 
from 'react-i18next';
5  |  
[39m
[31merror during 
build:
Error: Transform 
failed with 1 error:
C:/Users/iulia/travel
ai_deals/src/componen
ts/ui/Footer.jsx:3:8:
 ERROR: Expected 
"as" but found "{"
    at 
failureErrorWithLog (
C:\Users\iulia\travel
ai_deals\node_modules
\esbuild\lib\main.js:
1651:15)
    at C:\Users\iulia
\travelai_deals\node_
modules\esbuild\lib\m
ain.js:849:29
    at responseCallba
cks.<computed> (C:\Us
ers\iulia\travelai_de
als\node_modules\esbu
ild\lib\main.js:704:9
)
    at 
handleIncomingPacket 
(C:\Users\iulia\trave
lai_deals\node_module
s\esbuild\lib\main.js
:764:9)
    at Socket.readFro
mStdout (C:\Users\iul
ia\travelai_deals\nod
e_modules\esbuild\lib
\main.js:680:7)
    at Socket.emit 
(node:events:518:28)
    at addChunk (node
:internal/streams/rea
dable:561:12)
    at readableAddChu
nkPushByteMode (node:
internal/streams/read
able:512:3)
    at Readable.push 
(node:internal/stream
s/readable:392:5)
    at 
Pipe.onStreamRead (no
de:internal/stream_ba
se_commons:189:23)[3
9m
